BL51 BANKED LINKER/LOCATER V6.22                                                        07/16/2017  22:30:02  PAGE 1


BL51 BANKED LINKER/LOCATER V6.22, INVOKED BY:
C:\KEIL_V5\C51\BIN\BL51.EXE .\Objects\main.obj TO .\Objects\test PRINT (.\Listings\test.m51) RAMSIZE (256)


MEMORY MODEL: SMALL


INPUT MODULES INCLUDED:
  .\Objects\main.obj (MAIN)
  C:\KEIL_V5\C51\LIB\C51S.LIB (?C_STARTUP)


LINK MAP OF MODULE:  .\Objects\test (MAIN)


            TYPE    BASE      LENGTH    RELOCATION   SEGMENT NAME
            -----------------------------------------------------

            * * * * * * *   D A T A   M E M O R Y   * * * * * * *
            REG     0000H     0008H     ABSOLUTE     "REG BANK 0"
            IDATA   0008H     0001H     UNIT         ?STACK

            * * * * * * *   C O D E   M E M O R Y   * * * * * * *
            CODE    0000H     0003H     ABSOLUTE     
                    0003H     07FDH                  *** GAP ***
            CODE    0800H     0037H     UNIT         ?PR?MAIN?MAIN
            CODE    0837H     000CH     UNIT         ?C_C51STARTUP



OVERLAY MAP OF MODULE:   .\Objects\test (MAIN)


SEGMENT
  +--> CALLED SEGMENT
---------------------
?C_C51STARTUP
  +--> ?PR?MAIN?MAIN



SYMBOL TABLE OF MODULE:  .\Objects\test (MAIN)

  VALUE           TYPE          NAME
  ----------------------------------

  -------         MODULE        MAIN
  C:0000H         SYMBOL        _ICE_DUMMY_
  D:0080H         PUBLIC        P0
  D:0090H         PUBLIC        P1
  D:00A0H         PUBLIC        P2
  D:00B0H         PUBLIC        P3
  D:00C0H         PUBLIC        P4
  D:00C8H         PUBLIC        P5
  D:00E8H         PUBLIC        P6
  D:00F8H         PUBLIC        P7
  D:00F9H         PUBLIC        CH
  D:00A2H         PUBLIC        P_SW1
BL51 BANKED LINKER/LOCATER V6.22                                                      07/16/2017  22:30:02  PAGE 2


  D:00A8H         PUBLIC        IE
  D:00E9H         PUBLIC        CL
  D:00FAH         PUBLIC        CCAP0H
  D:00FBH         PUBLIC        CCAP1H
  D:00FCH         PUBLIC        CCAP2H
  D:00EAH         PUBLIC        CCAP0L
  B:00D8H.6       PUBLIC        CR
  D:00EBH         PUBLIC        CCAP1L
  D:00DAH         PUBLIC        CCAPM0
  D:00ECH         PUBLIC        CCAP2L
  D:00DBH         PUBLIC        CCAPM1
  D:00DCH         PUBLIC        CCAPM2
  D:00B8H         PUBLIC        IP
  D:00D9H         PUBLIC        CMOD
  D:00D8H         PUBLIC        CCON
  C:0800H         PUBLIC        main
  D:0098H         PUBLIC        SCON
  D:0088H         PUBLIC        TCON
  D:00E0H         PUBLIC        ACC
  D:00F2H         PUBLIC        PCA_PWM0
  D:00F3H         PUBLIC        PCA_PWM1
  D:00F4H         PUBLIC        PCA_PWM2
  D:00D0H         PUBLIC        PSW
  -------         PROC          MAIN
  C:0800H         LINE#         12
  C:0800H         LINE#         13
  C:0802H         LINE#         14
  C:0804H         LINE#         15
  C:0806H         LINE#         31
  C:0809H         LINE#         32
  C:080BH         LINE#         33
  C:080DH         LINE#         34
  C:0810H         LINE#         48
  C:0812H         LINE#         49
  C:0818H         LINE#         50
  C:081BH         LINE#         52
  C:081EH         LINE#         53
  C:0824H         LINE#         54
  C:0827H         LINE#         56
  C:082AH         LINE#         57
  C:0830H         LINE#         58
  C:0833H         LINE#         60
  C:0835H         LINE#         62
  C:0835H         LINE#         64
  -------         ENDPROC       MAIN
  -------         ENDMOD        MAIN

******************************************************************************
* RESTRICTED VERSION WITH 0800H BYTE CODE SIZE LIMIT; USED: 0037H BYTE ( 2%) *
******************************************************************************

Program Size: data=9.0 xdata=0 code=70
LINK/LOCATE RUN COMPLETE.  0 WARNING(S),  0 ERROR(S)
